// Jest Snapshot v1, https://goo.gl/fbAQLP

exports[`Loading Should render successfully 1`] = `
<div
  className="loading-container"
>
  <Spin
    size="large"
    spinning={true}
    tip="Loading..."
    wrapperClassName=""
  />
</div>
`;
